Archive member included to satisfy reference by file (symbol)

c:/st/stm32cubeide_1.0.2/stm32cubeide/plugins/com.st.stm32cube.ide.mcu.externaltools.gnu-tools-for-stm32.7-2018-q2-update.win32_1.0.0.201904181610/tools/bin/../lib/gcc/arm-none-eabi/7.3.1/../../../../arm-none-eabi/lib/thumb/v7e-m/fpv4-sp/hard\libc_nano.a(lib_a-errno.o)
                              Src/syscalls.o (__errno)
c:/st/stm32cubeide_1.0.2/stm32cubeide/plugins/com.st.stm32cube.ide.mcu.externaltools.gnu-tools-for-stm32.7-2018-q2-update.win32_1.0.0.201904181610/tools/bin/../lib/gcc/arm-none-eabi/7.3.1/../../../../arm-none-eabi/lib/thumb/v7e-m/fpv4-sp/hard\libc_nano.a(lib_a-exit.o)
                              c:/st/stm32cubeide_1.0.2/stm32cubeide/plugins/com.st.stm32cube.ide.mcu.externaltools.gnu-tools-for-stm32.7-2018-q2-update.win32_1.0.0.201904181610/tools/bin/../lib/gcc/arm-none-eabi/7.3.1/../../../../arm-none-eabi/lib/thumb/v7e-m/fpv4-sp/hard/crt0.o (exit)
c:/st/stm32cubeide_1.0.2/stm32cubeide/plugins/com.st.stm32cube.ide.mcu.externaltools.gnu-tools-for-stm32.7-2018-q2-update.win32_1.0.0.201904181610/tools/bin/../lib/gcc/arm-none-eabi/7.3.1/../../../../arm-none-eabi/lib/thumb/v7e-m/fpv4-sp/hard\libc_nano.a(lib_a-impure.o)
                              c:/st/stm32cubeide_1.0.2/stm32cubeide/plugins/com.st.stm32cube.ide.mcu.externaltools.gnu-tools-for-stm32.7-2018-q2-update.win32_1.0.0.201904181610/tools/bin/../lib/gcc/arm-none-eabi/7.3.1/../../../../arm-none-eabi/lib/thumb/v7e-m/fpv4-sp/hard\libc_nano.a(lib_a-exit.o) (_global_impure_ptr)
c:/st/stm32cubeide_1.0.2/stm32cubeide/plugins/com.st.stm32cube.ide.mcu.externaltools.gnu-tools-for-stm32.7-2018-q2-update.win32_1.0.0.201904181610/tools/bin/../lib/gcc/arm-none-eabi/7.3.1/../../../../arm-none-eabi/lib/thumb/v7e-m/fpv4-sp/hard\libc_nano.a(lib_a-init.o)
                              c:/st/stm32cubeide_1.0.2/stm32cubeide/plugins/com.st.stm32cube.ide.mcu.externaltools.gnu-tools-for-stm32.7-2018-q2-update.win32_1.0.0.201904181610/tools/bin/../lib/gcc/arm-none-eabi/7.3.1/../../../../arm-none-eabi/lib/thumb/v7e-m/fpv4-sp/hard/crt0.o (__libc_init_array)
c:/st/stm32cubeide_1.0.2/stm32cubeide/plugins/com.st.stm32cube.ide.mcu.externaltools.gnu-tools-for-stm32.7-2018-q2-update.win32_1.0.0.201904181610/tools/bin/../lib/gcc/arm-none-eabi/7.3.1/../../../../arm-none-eabi/lib/thumb/v7e-m/fpv4-sp/hard\libc_nano.a(lib_a-memset.o)
                              c:/st/stm32cubeide_1.0.2/stm32cubeide/plugins/com.st.stm32cube.ide.mcu.externaltools.gnu-tools-for-stm32.7-2018-q2-update.win32_1.0.0.201904181610/tools/bin/../lib/gcc/arm-none-eabi/7.3.1/../../../../arm-none-eabi/lib/thumb/v7e-m/fpv4-sp/hard/crt0.o (memset)
c:/st/stm32cubeide_1.0.2/stm32cubeide/plugins/com.st.stm32cube.ide.mcu.externaltools.gnu-tools-for-stm32.7-2018-q2-update.win32_1.0.0.201904181610/tools/bin/../lib/gcc/arm-none-eabi/7.3.1/../../../../arm-none-eabi/lib/thumb/v7e-m/fpv4-sp/hard\libc_nano.a(lib_a-strlen.o)
                              Src/main.o (strlen)
c:/st/stm32cubeide_1.0.2/stm32cubeide/plugins/com.st.stm32cube.ide.mcu.externaltools.gnu-tools-for-stm32.7-2018-q2-update.win32_1.0.0.201904181610/tools/bin/../lib/gcc/arm-none-eabi/7.3.1/thumb/v7e-m/fpv4-sp/hard\libgcc.a(_aeabi_uldivmod.o)
                              Drivers/STM32F7xx_HAL_Driver/stm32f7xx_hal_rcc.o (__aeabi_uldivmod)
c:/st/stm32cubeide_1.0.2/stm32cubeide/plugins/com.st.stm32cube.ide.mcu.externaltools.gnu-tools-for-stm32.7-2018-q2-update.win32_1.0.0.201904181610/tools/bin/../lib/gcc/arm-none-eabi/7.3.1/thumb/v7e-m/fpv4-sp/hard\libgcc.a(_udivmoddi4.o)
                              c:/st/stm32cubeide_1.0.2/stm32cubeide/plugins/com.st.stm32cube.ide.mcu.externaltools.gnu-tools-for-stm32.7-2018-q2-update.win32_1.0.0.201904181610/tools/bin/../lib/gcc/arm-none-eabi/7.3.1/thumb/v7e-m/fpv4-sp/hard\libgcc.a(_aeabi_uldivmod.o) (__udivmoddi4)
c:/st/stm32cubeide_1.0.2/stm32cubeide/plugins/com.st.stm32cube.ide.mcu.externaltools.gnu-tools-for-stm32.7-2018-q2-update.win32_1.0.0.201904181610/tools/bin/../lib/gcc/arm-none-eabi/7.3.1/thumb/v7e-m/fpv4-sp/hard\libgcc.a(_dvmd_tls.o)
                              c:/st/stm32cubeide_1.0.2/stm32cubeide/plugins/com.st.stm32cube.ide.mcu.externaltools.gnu-tools-for-stm32.7-2018-q2-update.win32_1.0.0.201904181610/tools/bin/../lib/gcc/arm-none-eabi/7.3.1/thumb/v7e-m/fpv4-sp/hard\libgcc.a(_aeabi_uldivmod.o) (__aeabi_ldiv0)

Allocating common symbols
Common symbol       size              file

uwTick              0x4               Drivers/STM32F7xx_HAL_Driver/stm32f7xx_hal.o
pFlash              0x1c              Drivers/STM32F7xx_HAL_Driver/stm32f7xx_hal_flash.o
htim5               0x40              Src/tim.o
huart1              0x80              Src/usart.o
buffer_bela         0x3               Src/main.o
htim14              0x40              Src/stm32f7xx_hal_timebase_tim.o

Discarded input sections

[...]
Memory Configuration

Name             Origin             Length             Attributes
RAM              0x0000000020000000 0x0000000000050000 xrw
FLASH            0x0000000008000000 0x0000000000100000 xr
*default*        0x0000000000000000 0xffffffffffffffff

Linker script and memory map

LOAD c:/st/stm32cubeide_1.0.2/stm32cubeide/plugins/com.st.stm32cube.ide.mcu.externaltools.gnu-tools-for-stm32.7-2018-q2-update.win32_1.0.0.201904181610/tools/bin/../lib/gcc/arm-none-eabi/7.3.1/thumb/v7e-m/fpv4-sp/hard/crti.o
LOAD c:/st/stm32cubeide_1.0.2/stm32cubeide/plugins/com.st.stm32cube.ide.mcu.externaltools.gnu-tools-for-stm32.7-2018-q2-update.win32_1.0.0.201904181610/tools/bin/../lib/gcc/arm-none-eabi/7.3.1/thumb/v7e-m/fpv4-sp/hard/crtbegin.o
LOAD c:/st/stm32cubeide_1.0.2/stm32cubeide/plugins/com.st.stm32cube.ide.mcu.externaltools.gnu-tools-for-stm32.7-2018-q2-update.win32_1.0.0.201904181610/tools/bin/../lib/gcc/arm-none-eabi/7.3.1/../../../../arm-none-eabi/lib/thumb/v7e-m/fpv4-sp/hard/crt0.o
LOAD Drivers/STM32F7xx_HAL_Driver/stm32f7xx_hal.o
LOAD Drivers/STM32F7xx_HAL_Driver/stm32f7xx_hal_cortex.o
LOAD Drivers/STM32F7xx_HAL_Driver/stm32f7xx_hal_dma.o
LOAD Drivers/STM32F7xx_HAL_Driver/stm32f7xx_hal_dma_ex.o
LOAD Drivers/STM32F7xx_HAL_Driver/stm32f7xx_hal_exti.o
LOAD Drivers/STM32F7xx_HAL_Driver/stm32f7xx_hal_flash.o
LOAD Drivers/STM32F7xx_HAL_Driver/stm32f7xx_hal_flash_ex.o
LOAD Drivers/STM32F7xx_HAL_Driver/stm32f7xx_hal_gpio.o
LOAD Drivers/STM32F7xx_HAL_Driver/stm32f7xx_hal_i2c.o
LOAD Drivers/STM32F7xx_HAL_Driver/stm32f7xx_hal_i2c_ex.o
LOAD Drivers/STM32F7xx_HAL_Driver/stm32f7xx_hal_pwr.o
LOAD Drivers/STM32F7xx_HAL_Driver/stm32f7xx_hal_pwr_ex.o
LOAD Drivers/STM32F7xx_HAL_Driver/stm32f7xx_hal_rcc.o
LOAD Drivers/STM32F7xx_HAL_Driver/stm32f7xx_hal_rcc_ex.o
LOAD Drivers/STM32F7xx_HAL_Driver/stm32f7xx_hal_tim.o
LOAD Drivers/STM32F7xx_HAL_Driver/stm32f7xx_hal_tim_ex.o
LOAD Drivers/STM32F7xx_HAL_Driver/stm32f7xx_hal_uart.o
LOAD Drivers/STM32F7xx_HAL_Driver/stm32f7xx_hal_uart_ex.o
LOAD Src/gpio.o
LOAD Src/main.o
LOAD Src/stm32f7xx_hal_msp.o
LOAD Src/stm32f7xx_hal_timebase_tim.o
LOAD Src/stm32f7xx_it.o
LOAD Src/syscalls.o
LOAD Src/sysmem.o
LOAD Src/system_stm32f7xx.o
LOAD Src/tim.o
LOAD Src/usart.o
LOAD Startup/startup_stm32f746nghx.o
START GROUP
LOAD c:/st/stm32cubeide_1.0.2/stm32cubeide/plugins/com.st.stm32cube.ide.mcu.externaltools.gnu-tools-for-stm32.7-2018-q2-update.win32_1.0.0.201904181610/tools/bin/../lib/gcc/arm-none-eabi/7.3.1/../../../../arm-none-eabi/lib/thumb/v7e-m/fpv4-sp/hard\libc_nano.a
LOAD c:/st/stm32cubeide_1.0.2/stm32cubeide/plugins/com.st.stm32cube.ide.mcu.externaltools.gnu-tools-for-stm32.7-2018-q2-update.win32_1.0.0.201904181610/tools/bin/../lib/gcc/arm-none-eabi/7.3.1/../../../../arm-none-eabi/lib/thumb/v7e-m/fpv4-sp/hard\libm.a
END GROUP
START GROUP
LOAD c:/st/stm32cubeide_1.0.2/stm32cubeide/plugins/com.st.stm32cube.ide.mcu.externaltools.gnu-tools-for-stm32.7-2018-q2-update.win32_1.0.0.201904181610/tools/bin/../lib/gcc/arm-none-eabi/7.3.1/thumb/v7e-m/fpv4-sp/hard\libgcc.a
LOAD c:/st/stm32cubeide_1.0.2/stm32cubeide/plugins/com.st.stm32cube.ide.mcu.externaltools.gnu-tools-for-stm32.7-2018-q2-update.win32_1.0.0.201904181610/tools/bin/../lib/gcc/arm-none-eabi/7.3.1/../../../../arm-none-eabi/lib/thumb/v7e-m/fpv4-sp/hard\libc_nano.a
END GROUP
START GROUP
LOAD c:/st/stm32cubeide_1.0.2/stm32cubeide/plugins/com.st.stm32cube.ide.mcu.externaltools.gnu-tools-for-stm32.7-2018-q2-update.win32_1.0.0.201904181610/tools/bin/../lib/gcc/arm-none-eabi/7.3.1/thumb/v7e-m/fpv4-sp/hard\libgcc.a
LOAD c:/st/stm32cubeide_1.0.2/stm32cubeide/plugins/com.st.stm32cube.ide.mcu.externaltools.gnu-tools-for-stm32.7-2018-q2-update.win32_1.0.0.201904181610/tools/bin/../lib/gcc/arm-none-eabi/7.3.1/../../../../arm-none-eabi/lib/thumb/v7e-m/fpv4-sp/hard\libc_nano.a
LOAD c:/st/stm32cubeide_1.0.2/stm32cubeide/plugins/com.st.stm32cube.ide.mcu.externaltools.gnu-tools-for-stm32.7-2018-q2-update.win32_1.0.0.201904181610/tools/bin/../lib/gcc/arm-none-eabi/7.3.1/../../../../arm-none-eabi/lib/thumb/v7e-m/fpv4-sp/hard\libnosys.a
END GROUP
START GROUP
LOAD c:/st/stm32cubeide_1.0.2/stm32cubeide/plugins/com.st.stm32cube.ide.mcu.externaltools.gnu-tools-for-stm32.7-2018-q2-update.win32_1.0.0.201904181610/tools/bin/../lib/gcc/arm-none-eabi/7.3.1/thumb/v7e-m/fpv4-sp/hard\libgcc.a
LOAD c:/st/stm32cubeide_1.0.2/stm32cubeide/plugins/com.st.stm32cube.ide.mcu.externaltools.gnu-tools-for-stm32.7-2018-q2-update.win32_1.0.0.201904181610/tools/bin/../lib/gcc/arm-none-eabi/7.3.1/../../../../arm-none-eabi/lib/thumb/v7e-m/fpv4-sp/hard\libc_nano.a
LOAD c:/st/stm32cubeide_1.0.2/stm32cubeide/plugins/com.st.stm32cube.ide.mcu.externaltools.gnu-tools-for-stm32.7-2018-q2-update.win32_1.0.0.201904181610/tools/bin/../lib/gcc/arm-none-eabi/7.3.1/../../../../arm-none-eabi/lib/thumb/v7e-m/fpv4-sp/hard\libnosys.a
END GROUP
LOAD c:/st/stm32cubeide_1.0.2/stm32cubeide/plugins/com.st.stm32cube.ide.mcu.externaltools.gnu-tools-for-stm32.7-2018-q2-update.win32_1.0.0.201904181610/tools/bin/../lib/gcc/arm-none-eabi/7.3.1/thumb/v7e-m/fpv4-sp/hard/crtend.o
LOAD c:/st/stm32cubeide_1.0.2/stm32cubeide/plugins/com.st.stm32cube.ide.mcu.externaltools.gnu-tools-for-stm32.7-2018-q2-update.win32_1.0.0.201904181610/tools/bin/../lib/gcc/arm-none-eabi/7.3.1/thumb/v7e-m/fpv4-sp/hard/crtn.o
                0x0000000020050000                _estack = 0x20050000
                0x0000000000000200                _Min_Heap_Size = 0x200
                0x0000000000000400                _Min_Stack_Size = 0x400

.isr_vector     0x0000000008000000      0x1c8
                0x0000000008000000                . = ALIGN (0x4)
 *(.isr_vector)
 .isr_vector    0x0000000008000000      0x1c8 Startup/startup_stm32f746nghx.o
                0x0000000008000000                g_pfnVectors
                0x00000000080001c8                . = ALIGN (0x4)

.text           0x00000000080001c8     0x3770
                0x00000000080001c8                . = ALIGN (0x4)
 *(.text)
 .text          0x00000000080001c8       0x40 c:/st/stm32cubeide_1.0.2/stm32cubeide/plugins/com.st.stm32cube.ide.mcu.externaltools.gnu-tools-for-stm32.7-2018-q2-update.win32_1.0.0.201904181610/tools/bin/../lib/gcc/arm-none-eabi/7.3.1/thumb/v7e-m/fpv4-sp/hard/crtbegin.o
 .text          0x0000000008000208       0x10 c:/st/stm32cubeide_1.0.2/stm32cubeide/plugins/com.st.stm32cube.ide.mcu.externaltools.gnu-tools-for-stm32.7-2018-q2-update.win32_1.0.0.201904181610/tools/bin/../lib/gcc/arm-none-eabi/7.3.1/../../../../arm-none-eabi/lib/thumb/v7e-m/fpv4-sp/hard\libc_nano.a(lib_a-strlen.o)
                0x0000000008000208                strlen
 .text          0x0000000008000218       0x30 c:/st/stm32cubeide_1.0.2/stm32cubeide/plugins/com.st.stm32cube.ide.mcu.externaltools.gnu-tools-for-stm32.7-2018-q2-update.win32_1.0.0.201904181610/tools/bin/../lib/gcc/arm-none-eabi/7.3.1/thumb/v7e-m/fpv4-sp/hard\libgcc.a(_aeabi_uldivmod.o)
                0x0000000008000218                __aeabi_uldivmod
 .text          0x0000000008000248      0x2cc c:/st/stm32cubeide_1.0.2/stm32cubeide/plugins/com.st.stm32cube.ide.mcu.externaltools.gnu-tools-for-stm32.7-2018-q2-update.win32_1.0.0.201904181610/tools/bin/../lib/gcc/arm-none-eabi/7.3.1/thumb/v7e-m/fpv4-sp/hard\libgcc.a(_udivmoddi4.o)
                0x0000000008000248                __udivmoddi4
 .text          0x0000000008000514        0x4 c:/st/stm32cubeide_1.0.2/stm32cubeide/plugins/com.st.stm32cube.ide.mcu.externaltools.gnu-tools-for-stm32.7-2018-q2-update.win32_1.0.0.201904181610/tools/bin/../lib/gcc/arm-none-eabi/7.3.1/thumb/v7e-m/fpv4-sp/hard\libgcc.a(_dvmd_tls.o)
                0x0000000008000514                __aeabi_idiv0
                0x0000000008000514                __aeabi_ldiv0
 *(.text*)
 .text.HAL_Init
                0x0000000008000518       0x1a Drivers/STM32F7xx_HAL_Driver/stm32f7xx_hal.o
                0x0000000008000518                HAL_Init
 *fill*         0x0000000008000532        0x2 
 .text.HAL_IncTick
                0x0000000008000534       0x28 Drivers/STM32F7xx_HAL_Driver/stm32f7xx_hal.o
                0x0000000008000534                HAL_IncTick
 .text.HAL_GetTick
                0x000000000800055c       0x18 Drivers/STM32F7xx_HAL_Driver/stm32f7xx_hal.o
                0x000000000800055c                HAL_GetTick
 .text.__NVIC_SetPriorityGrouping
                0x0000000008000574       0x48 Drivers/STM32F7xx_HAL_Driver/stm32f7xx_hal_cortex.o
 .text.__NVIC_GetPriorityGrouping
                0x00000000080005bc       0x1c Drivers/STM32F7xx_HAL_Driver/stm32f7xx_hal_cortex.o
 .text.__NVIC_EnableIRQ
                0x00000000080005d8       0x3c Drivers/STM32F7xx_HAL_Driver/stm32f7xx_hal_cortex.o
 .text.__NVIC_SetPriority
                0x0000000008000614       0x54 Drivers/STM32F7xx_HAL_Driver/stm32f7xx_hal_cortex.o
 .text.NVIC_EncodePriority
                0x0000000008000668       0x66 Drivers/STM32F7xx_HAL_Driver/stm32f7xx_hal_cortex.o
 .text.HAL_NVIC_SetPriorityGrouping
                0x00000000080006ce       0x16 Drivers/STM32F7xx_HAL_Driver/stm32f7xx_hal_cortex.o
                0x00000000080006ce                HAL_NVIC_SetPriorityGrouping
 .text.HAL_NVIC_SetPriority
                0x00000000080006e4       0x38 Drivers/STM32F7xx_HAL_Driver/stm32f7xx_hal_cortex.o
                0x00000000080006e4                HAL_NVIC_SetPriority
 .text.HAL_NVIC_EnableIRQ
                0x000000000800071c       0x1c Drivers/STM32F7xx_HAL_Driver/stm32f7xx_hal_cortex.o
                0x000000000800071c                HAL_NVIC_EnableIRQ
 .text.HAL_DMA_Abort_IT
                0x0000000008000738       0x44 Drivers/STM32F7xx_HAL_Driver/stm32f7xx_hal_dma.o
                0x0000000008000738                HAL_DMA_Abort_IT
 .text.HAL_GPIO_Init
                0x000000000800077c      0x354 Drivers/STM32F7xx_HAL_Driver/stm32f7xx_hal_gpio.o
                0x000000000800077c                HAL_GPIO_Init
 .text.HAL_GPIO_WritePin
                0x0000000008000ad0       0x32 Drivers/STM32F7xx_HAL_Driver/stm32f7xx_hal_gpio.o
                0x0000000008000ad0                HAL_GPIO_WritePin
 *fill*         0x0000000008000b02        0x2 
 .text.HAL_PWR_EnableBkUpAccess
                0x0000000008000b04       0x20 Drivers/STM32F7xx_HAL_Driver/stm32f7xx_hal_pwr.o
                0x0000000008000b04                HAL_PWR_EnableBkUpAccess
 .text.HAL_RCC_OscConfig
                0x0000000008000b24      0x4e0 Drivers/STM32F7xx_HAL_Driver/stm32f7xx_hal_rcc.o
                0x0000000008000b24                HAL_RCC_OscConfig
 .text.HAL_RCC_ClockConfig
                0x0000000008001004      0x1d0 Drivers/STM32F7xx_HAL_Driver/stm32f7xx_hal_rcc.o
                0x0000000008001004                HAL_RCC_ClockConfig
 .text.HAL_RCC_GetSysClockFreq
                0x00000000080011d4      0x164 Drivers/STM32F7xx_HAL_Driver/stm32f7xx_hal_rcc.o
                0x00000000080011d4                HAL_RCC_GetSysClockFreq
 .text.HAL_RCC_GetHCLKFreq
                0x0000000008001338       0x18 Drivers/STM32F7xx_HAL_Driver/stm32f7xx_hal_rcc.o
                0x0000000008001338                HAL_RCC_GetHCLKFreq
 .text.HAL_RCC_GetPCLK1Freq
                0x0000000008001350       0x28 Drivers/STM32F7xx_HAL_Driver/stm32f7xx_hal_rcc.o
                0x0000000008001350                HAL_RCC_GetPCLK1Freq
 .text.HAL_RCC_GetPCLK2Freq
                0x0000000008001378       0x28 Drivers/STM32F7xx_HAL_Driver/stm32f7xx_hal_rcc.o
                0x0000000008001378                HAL_RCC_GetPCLK2Freq
 .text.HAL_RCC_GetClockConfig
                0x00000000080013a0       0x64 Drivers/STM32F7xx_HAL_Driver/stm32f7xx_hal_rcc.o
                0x00000000080013a0                HAL_RCC_GetClockConfig
 .text.HAL_RCCEx_PeriphCLKConfig
                0x0000000008001404      0x7dc Drivers/STM32F7xx_HAL_Driver/stm32f7xx_hal_rcc_ex.o
                0x0000000008001404                HAL_RCCEx_PeriphCLKConfig
 .text.HAL_TIM_Base_Init
                0x0000000008001be0       0x56 Drivers/STM32F7xx_HAL_Driver/stm32f7xx_hal_tim.o
                0x0000000008001be0                HAL_TIM_Base_Init
 *fill*         0x0000000008001c36        0x2 
 .text.HAL_TIM_Base_Start_IT
                0x0000000008001c38       0x54 Drivers/STM32F7xx_HAL_Driver/stm32f7xx_hal_tim.o
                0x0000000008001c38                HAL_TIM_Base_Start_IT
 .text.HAL_TIM_IRQHandler
                0x0000000008001c8c      0x23e Drivers/STM32F7xx_HAL_Driver/stm32f7xx_hal_tim.o
                0x0000000008001c8c                HAL_TIM_IRQHandler
 *fill*         0x0000000008001eca        0x2 
 .text.HAL_TIM_ConfigClockSource
                0x0000000008001ecc      0x174 Drivers/STM32F7xx_HAL_Driver/stm32f7xx_hal_tim.o
                0x0000000008001ecc                HAL_TIM_ConfigClockSource
 .text.HAL_TIM_OC_DelayElapsedCallback
                0x0000000008002040       0x14 Drivers/STM32F7xx_HAL_Driver/stm32f7xx_hal_tim.o
                0x0000000008002040                HAL_TIM_OC_DelayElapsedCallback
 .text.HAL_TIM_IC_CaptureCallback
                0x0000000008002054       0x14 Drivers/STM32F7xx_HAL_Driver/stm32f7xx_hal_tim.o
                0x0000000008002054                HAL_TIM_IC_CaptureCallback
 .text.HAL_TIM_PWM_PulseFinishedCallback
                0x0000000008002068       0x14 Drivers/STM32F7xx_HAL_Driver/stm32f7xx_hal_tim.o
                0x0000000008002068                HAL_TIM_PWM_PulseFinishedCallback
 .text.HAL_TIM_TriggerCallback
                0x000000000800207c       0x14 Drivers/STM32F7xx_HAL_Driver/stm32f7xx_hal_tim.o
                0x000000000800207c                HAL_TIM_TriggerCallback
 .text.TIM_Base_SetConfig
                0x0000000008002090      0x140 Drivers/STM32F7xx_HAL_Driver/stm32f7xx_hal_tim.o
                0x0000000008002090                TIM_Base_SetConfig
 .text.TIM_TI1_ConfigInputStage
                0x00000000080021d0       0x5e Drivers/STM32F7xx_HAL_Driver/stm32f7xx_hal_tim.o
 .text.TIM_TI2_ConfigInputStage
                0x000000000800222e       0x60 Drivers/STM32F7xx_HAL_Driver/stm32f7xx_hal_tim.o
 .text.TIM_ITRx_SetConfig
                0x000000000800228e       0x36 Drivers/STM32F7xx_HAL_Driver/stm32f7xx_hal_tim.o
 .text.TIM_ETR_SetConfig
                0x00000000080022c4       0x40 Drivers/STM32F7xx_HAL_Driver/stm32f7xx_hal_tim.o
                0x00000000080022c4                TIM_ETR_SetConfig
 .text.HAL_TIMEx_MasterConfigSynchronization
                0x0000000008002304       0xb8 Drivers/STM32F7xx_HAL_Driver/stm32f7xx_hal_tim_ex.o
                0x0000000008002304                HAL_TIMEx_MasterConfigSynchronization
 .text.HAL_TIMEx_CommutCallback
                0x00000000080023bc       0x14 Drivers/STM32F7xx_HAL_Driver/stm32f7xx_hal_tim_ex.o
                0x00000000080023bc                HAL_TIMEx_CommutCallback
 .text.HAL_TIMEx_BreakCallback
                0x00000000080023d0       0x14 Drivers/STM32F7xx_HAL_Driver/stm32f7xx_hal_tim_ex.o
                0x00000000080023d0                HAL_TIMEx_BreakCallback
 .text.HAL_TIMEx_Break2Callback
                0x00000000080023e4       0x14 Drivers/STM32F7xx_HAL_Driver/stm32f7xx_hal_tim_ex.o
                0x00000000080023e4                HAL_TIMEx_Break2Callback
 .text.HAL_UART_Init
                0x00000000080023f8       0x9c Drivers/STM32F7xx_HAL_Driver/stm32f7xx_hal_uart.o
                0x00000000080023f8                HAL_UART_Init
 .text.HAL_UART_Transmit
                0x0000000008002494      0x122 Drivers/STM32F7xx_HAL_Driver/stm32f7xx_hal_uart.o
                0x0000000008002494                HAL_UART_Transmit
 .text.HAL_UART_Receive
                0x00000000080025b6      0x198 Drivers/STM32F7xx_HAL_Driver/stm32f7xx_hal_uart.o
                0x00000000080025b6                HAL_UART_Receive
 *fill*         0x000000000800274e        0x2 
 .text.HAL_UART_IRQHandler
                0x0000000008002750      0x238 Drivers/STM32F7xx_HAL_Driver/stm32f7xx_hal_uart.o
                0x0000000008002750                HAL_UART_IRQHandler
 .text.HAL_UART_TxCpltCallback
                0x0000000008002988       0x14 Drivers/STM32F7xx_HAL_Driver/stm32f7xx_hal_uart.o
                0x0000000008002988                HAL_UART_TxCpltCallback
 .text.HAL_UART_ErrorCallback
                0x000000000800299c       0x14 Drivers/STM32F7xx_HAL_Driver/stm32f7xx_hal_uart.o
                0x000000000800299c                HAL_UART_ErrorCallback
 .text.UART_SetConfig
                0x00000000080029b0      0x548 Drivers/STM32F7xx_HAL_Driver/stm32f7xx_hal_uart.o
                0x00000000080029b0                UART_SetConfig
 .text.UART_AdvFeatureConfig
                0x0000000008002ef8      0x144 Drivers/STM32F7xx_HAL_Driver/stm32f7xx_hal_uart.o
                0x0000000008002ef8                UART_AdvFeatureConfig
 .text.UART_CheckIdleState
                0x000000000800303c       0x5e Drivers/STM32F7xx_HAL_Driver/stm32f7xx_hal_uart.o
                0x000000000800303c                UART_CheckIdleState
 .text.UART_WaitOnFlagUntilTimeout
                0x000000000800309a       0x90 Drivers/STM32F7xx_HAL_Driver/stm32f7xx_hal_uart.o
                0x000000000800309a                UART_WaitOnFlagUntilTimeout
 .text.UART_EndRxTransfer
                0x000000000800312a       0x40 Drivers/STM32F7xx_HAL_Driver/stm32f7xx_hal_uart.o
 .text.UART_DMAAbortOnError
                0x000000000800316a       0x2c Drivers/STM32F7xx_HAL_Driver/stm32f7xx_hal_uart.o
 .text.UART_EndTransmit_IT
                0x0000000008003196       0x32 Drivers/STM32F7xx_HAL_Driver/stm32f7xx_hal_uart.o
 .text.MX_GPIO_Init
                0x00000000080031c8       0xc4 Src/gpio.o
                0x00000000080031c8                MX_GPIO_Init
 .text.main     0x000000000800328c       0x64 Src/main.o
                0x000000000800328c                main
 .text.SystemClock_Config
                0x00000000080032f0      0x118 Src/main.o
                0x00000000080032f0                SystemClock_Config
 .text.HAL_TIM_PeriodElapsedCallback
                0x0000000008003408       0x3c Src/main.o
                0x0000000008003408                HAL_TIM_PeriodElapsedCallback
 .text.Error_Handler
                0x0000000008003444        0xe Src/main.o
                0x0000000008003444                Error_Handler
 *fill*         0x0000000008003452        0x2 
 .text.HAL_MspInit
                0x0000000008003454       0x48 Src/stm32f7xx_hal_msp.o
                0x0000000008003454                HAL_MspInit
 .text.HAL_InitTick
                0x000000000800349c       0xb0 Src/stm32f7xx_hal_timebase_tim.o
                0x000000000800349c                HAL_InitTick
 .text.NMI_Handler
                0x000000000800354c        0xe Src/stm32f7xx_it.o
                0x000000000800354c                NMI_Handler
 .text.HardFault_Handler
                0x000000000800355a        0x6 Src/stm32f7xx_it.o
                0x000000000800355a                HardFault_Handler
 .text.MemManage_Handler
                0x0000000008003560        0x6 Src/stm32f7xx_it.o
                0x0000000008003560                MemManage_Handler
 .text.BusFault_Handler
                0x0000000008003566        0x6 Src/stm32f7xx_it.o
                0x0000000008003566                BusFault_Handler
 .text.UsageFault_Handler
                0x000000000800356c        0x6 Src/stm32f7xx_it.o
                0x000000000800356c                UsageFault_Handler
 .text.SVC_Handler
                0x0000000008003572        0xe Src/stm32f7xx_it.o
                0x0000000008003572                SVC_Handler
 .text.DebugMon_Handler
                0x0000000008003580        0xe Src/stm32f7xx_it.o
                0x0000000008003580                DebugMon_Handler
 .text.PendSV_Handler
                0x000000000800358e        0xe Src/stm32f7xx_it.o
                0x000000000800358e                PendSV_Handler
 .text.SysTick_Handler
                0x000000000800359c        0xe Src/stm32f7xx_it.o
                0x000000000800359c                SysTick_Handler
 *fill*         0x00000000080035aa        0x2 
 .text.USART1_IRQHandler
                0x00000000080035ac       0x14 Src/stm32f7xx_it.o
                0x00000000080035ac                USART1_IRQHandler
 .text.TIM8_TRG_COM_TIM14_IRQHandler
                0x00000000080035c0       0x14 Src/stm32f7xx_it.o
                0x00000000080035c0                TIM8_TRG_COM_TIM14_IRQHandler
 .text.TIM5_IRQHandler
                0x00000000080035d4       0x14 Src/stm32f7xx_it.o
                0x00000000080035d4                TIM5_IRQHandler
 .text.SystemInit
                0x00000000080035e8       0x6c Src/system_stm32f7xx.o
                0x00000000080035e8                SystemInit
 .text.MX_TIM5_Init
                0x0000000008003654       0xa0 Src/tim.o
                0x0000000008003654                MX_TIM5_Init
 .text.HAL_TIM_Base_MspInit
                0x00000000080036f4       0x4c Src/tim.o
                0x00000000080036f4                HAL_TIM_Base_MspInit
 .text.MX_USART1_UART_Init
                0x0000000008003740       0x60 Src/usart.o
                0x0000000008003740                MX_USART1_UART_Init
 .text.HAL_UART_MspInit
                0x00000000080037a0       0xd4 Src/usart.o
                0x00000000080037a0                HAL_UART_MspInit
 .text.Reset_Handler
                0x0000000008003874       0x50 Startup/startup_stm32f746nghx.o
                0x0000000008003874                Reset_Handler
 .text.Default_Handler
                0x00000000080038c4        0x2 Startup/startup_stm32f746nghx.o
                0x00000000080038c4                RTC_Alarm_IRQHandler
                0x00000000080038c4                EXTI2_IRQHandler
                0x00000000080038c4                TIM8_CC_IRQHandler
                0x00000000080038c4                UART8_IRQHandler
                0x00000000080038c4                SPI4_IRQHandler
                0x00000000080038c4                TIM1_CC_IRQHandler
                0x00000000080038c4                DMA2_Stream5_IRQHandler
                0x00000000080038c4                DMA1_Stream5_IRQHandler
                0x00000000080038c4                PVD_IRQHandler
                0x00000000080038c4                TAMP_STAMP_IRQHandler
                0x00000000080038c4                CAN2_RX1_IRQHandler
                0x00000000080038c4                EXTI3_IRQHandler
                0x00000000080038c4                TIM1_UP_TIM10_IRQHandler
                0x00000000080038c4                TIM8_UP_TIM13_IRQHandler
                0x00000000080038c4                I2C3_ER_IRQHandler
                0x00000000080038c4                EXTI0_IRQHandler
                0x00000000080038c4                I2C2_EV_IRQHandler
                0x00000000080038c4                DMA1_Stream2_IRQHandler
                0x00000000080038c4                CAN1_RX0_IRQHandler
                0x00000000080038c4                FPU_IRQHandler
                0x00000000080038c4                OTG_HS_WKUP_IRQHandler
                0x00000000080038c4                LTDC_ER_IRQHandler
                0x00000000080038c4                CAN2_SCE_IRQHandler
                0x00000000080038c4                DMA2_Stream2_IRQHandler
                0x00000000080038c4                SPI1_IRQHandler
                0x00000000080038c4                TIM6_DAC_IRQHandler
                0x00000000080038c4                TIM1_BRK_TIM9_IRQHandler
                0x00000000080038c4                DCMI_IRQHandler
                0x00000000080038c4                CAN2_RX0_IRQHandler
                0x00000000080038c4                DMA2_Stream3_IRQHandler
                0x00000000080038c4                SAI2_IRQHandler
                0x00000000080038c4                USART6_IRQHandler
                0x00000000080038c4                USART3_IRQHandler
                0x00000000080038c4                CAN1_RX1_IRQHandler
                0x00000000080038c4                UART5_IRQHandler
                0x00000000080038c4                DMA2_Stream0_IRQHandler
                0x00000000080038c4                TIM4_IRQHandler
                0x00000000080038c4                QUADSPI_IRQHandler
                0x00000000080038c4                I2C1_EV_IRQHandler
                0x00000000080038c4                DMA1_Stream6_IRQHandler
                0x00000000080038c4                DMA1_Stream1_IRQHandler
                0x00000000080038c4                UART4_IRQHandler
                0x00000000080038c4                TIM3_IRQHandler
                0x00000000080038c4                RCC_IRQHandler
                0x00000000080038c4                TIM8_BRK_TIM12_IRQHandler
                0x00000000080038c4                Default_Handler
                0x00000000080038c4                CEC_IRQHandler
                0x00000000080038c4                EXTI15_10_IRQHandler
                0x00000000080038c4                ADC_IRQHandler
                0x00000000080038c4                DMA1_Stream7_IRQHandler
                0x00000000080038c4                SPI5_IRQHandler
                0x00000000080038c4                TIM7_IRQHandler
                0x00000000080038c4                SDMMC1_IRQHandler
                0x00000000080038c4                CAN2_TX_IRQHandler
                0x00000000080038c4                DMA2_Stream7_IRQHandler
                0x00000000080038c4                I2C3_EV_IRQHandler
                0x00000000080038c4                EXTI9_5_IRQHandler
                0x00000000080038c4                RTC_WKUP_IRQHandler
                0x00000000080038c4                LTDC_IRQHandler
                0x00000000080038c4                ETH_WKUP_IRQHandler
                0x00000000080038c4                SPDIF_RX_IRQHandler
                0x00000000080038c4                SPI2_IRQHandler
                0x00000000080038c4                OTG_HS_EP1_IN_IRQHandler
                0x00000000080038c4                DMA1_Stream0_IRQHandler
                0x00000000080038c4                CAN1_TX_IRQHandler
                0x00000000080038c4                EXTI4_IRQHandler
                0x00000000080038c4                RNG_IRQHandler
                0x00000000080038c4                ETH_IRQHandler
                0x00000000080038c4                OTG_HS_EP1_OUT_IRQHandler
                0x00000000080038c4                WWDG_IRQHandler
                0x00000000080038c4                SPI6_IRQHandler
                0x00000000080038c4                I2C4_EV_IRQHandler
                0x00000000080038c4                TIM2_IRQHandler
                0x00000000080038c4                OTG_FS_WKUP_IRQHandler
                0x00000000080038c4                TIM1_TRG_COM_TIM11_IRQHandler
                0x00000000080038c4                OTG_HS_IRQHandler
                0x00000000080038c4                DMA2D_IRQHandler
                0x00000000080038c4                EXTI1_IRQHandler
                0x00000000080038c4                UART7_IRQHandler
                0x00000000080038c4                USART2_IRQHandler
                0x00000000080038c4                I2C2_ER_IRQHandler
                0x00000000080038c4                DMA2_Stream1_IRQHandler
                0x00000000080038c4                CAN1_SCE_IRQHandler
                0x00000000080038c4                FLASH_IRQHandler
                0x00000000080038c4                DMA2_Stream4_IRQHandler
                0x00000000080038c4                OTG_FS_IRQHandler
                0x00000000080038c4                SPI3_IRQHandler
                0x00000000080038c4                DMA1_Stream4_IRQHandler
                0x00000000080038c4                I2C1_ER_IRQHandler
                0x00000000080038c4                FMC_IRQHandler
                0x00000000080038c4                LPTIM1_IRQHandler
                0x00000000080038c4                I2C4_ER_IRQHandler
                0x00000000080038c4                DMA2_Stream6_IRQHandler
                0x00000000080038c4                SAI1_IRQHandler
                0x00000000080038c4                DMA1_Stream3_IRQHandler
 *fill*         0x00000000080038c6        0x2 
 .text.__libc_init_array
                0x00000000080038c8       0x48 c:/st/stm32cubeide_1.0.2/stm32cubeide/plugins/com.st.stm32cube.ide.mcu.externaltools.gnu-tools-for-stm32.7-2018-q2-update.win32_1.0.0.201904181610/tools/bin/../lib/gcc/arm-none-eabi/7.3.1/../../../../arm-none-eabi/lib/thumb/v7e-m/fpv4-sp/hard\libc_nano.a(lib_a-init.o)
                0x00000000080038c8                __libc_init_array
 .text.memset   0x0000000008003910       0x10 c:/st/stm32cubeide_1.0.2/stm32cubeide/plugins/com.st.stm32cube.ide.mcu.externaltools.gnu-tools-for-stm32.7-2018-q2-update.win32_1.0.0.201904181610/tools/bin/../lib/gcc/arm-none-eabi/7.3.1/../../../../arm-none-eabi/lib/thumb/v7e-m/fpv4-sp/hard\libc_nano.a(lib_a-memset.o)
                0x0000000008003910                memset
 *(.glue_7)
 .glue_7        0x0000000008003920        0x0 linker stubs
 *(.glue_7t)
 .glue_7t       0x0000000008003920        0x0 linker stubs
 *(.eh_frame)
 .eh_frame      0x0000000008003920        0x0 c:/st/stm32cubeide_1.0.2/stm32cubeide/plugins/com.st.stm32cube.ide.mcu.externaltools.gnu-tools-for-stm32.7-2018-q2-update.win32_1.0.0.201904181610/tools/bin/../lib/gcc/arm-none-eabi/7.3.1/thumb/v7e-m/fpv4-sp/hard/crtbegin.o
 *(.init)
 .init          0x0000000008003920        0x4 c:/st/stm32cubeide_1.0.2/stm32cubeide/plugins/com.st.stm32cube.ide.mcu.externaltools.gnu-tools-for-stm32.7-2018-q2-update.win32_1.0.0.201904181610/tools/bin/../lib/gcc/arm-none-eabi/7.3.1/thumb/v7e-m/fpv4-sp/hard/crti.o
                0x0000000008003920                _init
 .init          0x0000000008003924        0x8 c:/st/stm32cubeide_1.0.2/stm32cubeide/plugins/com.st.stm32cube.ide.mcu.externaltools.gnu-tools-for-stm32.7-2018-q2-update.win32_1.0.0.201904181610/tools/bin/../lib/gcc/arm-none-eabi/7.3.1/thumb/v7e-m/fpv4-sp/hard/crtn.o
 *(.fini)
 .fini          0x000000000800392c        0x4 c:/st/stm32cubeide_1.0.2/stm32cubeide/plugins/com.st.stm32cube.ide.mcu.externaltools.gnu-tools-for-stm32.7-2018-q2-update.win32_1.0.0.201904181610/tools/bin/../lib/gcc/arm-none-eabi/7.3.1/thumb/v7e-m/fpv4-sp/hard/crti.o
                0x000000000800392c                _fini
 .fini          0x0000000008003930        0x8 c:/st/stm32cubeide_1.0.2/stm32cubeide/plugins/com.st.stm32cube.ide.mcu.externaltools.gnu-tools-for-stm32.7-2018-q2-update.win32_1.0.0.201904181610/tools/bin/../lib/gcc/arm-none-eabi/7.3.1/thumb/v7e-m/fpv4-sp/hard/crtn.o
                0x0000000008003938                . = ALIGN (0x4)
                0x0000000008003938                _etext = .

.vfp11_veneer   0x0000000008003938        0x0
 .vfp11_veneer  0x0000000008003938        0x0 linker stubs

.v4_bx          0x0000000008003938        0x0
 .v4_bx         0x0000000008003938        0x0 linker stubs

.iplt           0x0000000008003938        0x0
 .iplt          0x0000000008003938        0x0 c:/st/stm32cubeide_1.0.2/stm32cubeide/plugins/com.st.stm32cube.ide.mcu.externaltools.gnu-tools-for-stm32.7-2018-q2-update.win32_1.0.0.201904181610/tools/bin/../lib/gcc/arm-none-eabi/7.3.1/thumb/v7e-m/fpv4-sp/hard/crtbegin.o

.rodata         0x0000000008003938       0x18
                0x0000000008003938                . = ALIGN (0x4)
 *(.rodata)
 *(.rodata*)
 .rodata.AHBPrescTable
                0x0000000008003938       0x10 Src/system_stm32f7xx.o
                0x0000000008003938                AHBPrescTable
 .rodata.APBPrescTable
                0x0000000008003948        0x8 Src/system_stm32f7xx.o
                0x0000000008003948                APBPrescTable
                0x0000000008003950                . = ALIGN (0x4)

.ARM.extab      0x0000000008003950        0x0
                0x0000000008003950                . = ALIGN (0x4)
 *(.ARM.extab* .gnu.linkonce.armextab.*)
                0x0000000008003950                . = ALIGN (0x4)

.ARM            0x0000000008003950        0x8
                0x0000000008003950                . = ALIGN (0x4)
                0x0000000008003950                __exidx_start = .
 *(.ARM.exidx*)
 .ARM.exidx     0x0000000008003950        0x8 c:/st/stm32cubeide_1.0.2/stm32cubeide/plugins/com.st.stm32cube.ide.mcu.externaltools.gnu-tools-for-stm32.7-2018-q2-update.win32_1.0.0.201904181610/tools/bin/../lib/gcc/arm-none-eabi/7.3.1/thumb/v7e-m/fpv4-sp/hard\libgcc.a(_udivmoddi4.o)
                0x0000000008003958                __exidx_end = .
                0x0000000008003958                . = ALIGN (0x4)

.rel.dyn        0x0000000008003958        0x0
 .rel.iplt      0x0000000008003958        0x0 c:/st/stm32cubeide_1.0.2/stm32cubeide/plugins/com.st.stm32cube.ide.mcu.externaltools.gnu-tools-for-stm32.7-2018-q2-update.win32_1.0.0.201904181610/tools/bin/../lib/gcc/arm-none-eabi/7.3.1/thumb/v7e-m/fpv4-sp/hard/crtbegin.o

.preinit_array  0x0000000008003958        0x0
                0x0000000008003958                . = ALIGN (0x4)
                0x0000000008003958                PROVIDE (__preinit_array_start = .)
 *(.preinit_array*)
                0x0000000008003958                PROVIDE (__preinit_array_end = .)
                0x0000000008003958                . = ALIGN (0x4)

.init_array     0x0000000008003958        0x4
                0x0000000008003958                . = ALIGN (0x4)
                0x0000000008003958                PROVIDE (__init_array_start = .)
 *(SORT_BY_NAME(.init_array.*))
 *(.init_array*)
 .init_array    0x0000000008003958        0x4 c:/st/stm32cubeide_1.0.2/stm32cubeide/plugins/com.st.stm32cube.ide.mcu.externaltools.gnu-tools-for-stm32.7-2018-q2-update.win32_1.0.0.201904181610/tools/bin/../lib/gcc/arm-none-eabi/7.3.1/thumb/v7e-m/fpv4-sp/hard/crtbegin.o
                0x000000000800395c                PROVIDE (__init_array_end = .)
                0x000000000800395c                . = ALIGN (0x4)

.fini_array     0x000000000800395c        0x4
                0x000000000800395c                . = ALIGN (0x4)
                [!provide]                        PROVIDE (__fini_array_start = .)
 *(SORT_BY_NAME(.fini_array.*))
 *(.fini_array*)
 .fini_array    0x000000000800395c        0x4 c:/st/stm32cubeide_1.0.2/stm32cubeide/plugins/com.st.stm32cube.ide.mcu.externaltools.gnu-tools-for-stm32.7-2018-q2-update.win32_1.0.0.201904181610/tools/bin/../lib/gcc/arm-none-eabi/7.3.1/thumb/v7e-m/fpv4-sp/hard/crtbegin.o
                [!provide]                        PROVIDE (__fini_array_end = .)
                0x0000000008003960                . = ALIGN (0x4)
                0x0000000008003960                _sidata = LOADADDR (.data)

.data           0x0000000020000000        0x8 load address 0x0000000008003960
                0x0000000020000000                . = ALIGN (0x4)
                0x0000000020000000                _sdata = .
 *(.data)
 *(.data*)
 .data.uwTickFreq
                0x0000000020000000        0x1 Drivers/STM32F7xx_HAL_Driver/stm32f7xx_hal.o
                0x0000000020000000                uwTickFreq
 *fill*         0x0000000020000001        0x3 
 .data.SystemCoreClock
                0x0000000020000004        0x4 Src/system_stm32f7xx.o
                0x0000000020000004                SystemCoreClock
                0x0000000020000008                . = ALIGN (0x4)
                0x0000000020000008                _edata = .

.igot.plt       0x0000000020000008        0x0 load address 0x0000000008003968
 .igot.plt      0x0000000020000008        0x0 c:/st/stm32cubeide_1.0.2/stm32cubeide/plugins/com.st.stm32cube.ide.mcu.externaltools.gnu-tools-for-stm32.7-2018-q2-update.win32_1.0.0.201904181610/tools/bin/../lib/gcc/arm-none-eabi/7.3.1/thumb/v7e-m/fpv4-sp/hard/crtbegin.o
                0x0000000020000008                . = ALIGN (0x4)

.bss            0x0000000020000008      0x128 load address 0x0000000008003968
                0x0000000020000008                _sbss = .
                0x0000000020000008                __bss_start__ = _sbss
 *(.bss)
 .bss           0x0000000020000008       0x1c c:/st/stm32cubeide_1.0.2/stm32cubeide/plugins/com.st.stm32cube.ide.mcu.externaltools.gnu-tools-for-stm32.7-2018-q2-update.win32_1.0.0.201904181610/tools/bin/../lib/gcc/arm-none-eabi/7.3.1/thumb/v7e-m/fpv4-sp/hard/crtbegin.o
 *(.bss*)
 .bss.check_system
                0x0000000020000024        0x4 Src/main.o
                0x0000000020000024                check_system
 *(COMMON)
 COMMON         0x0000000020000028        0x4 Drivers/STM32F7xx_HAL_Driver/stm32f7xx_hal.o
                0x0000000020000028                uwTick
 COMMON         0x000000002000002c        0x3 Src/main.o
                0x000000002000002c                buffer_bela
 *fill*         0x000000002000002f        0x1 
 COMMON         0x0000000020000030       0x40 Src/stm32f7xx_hal_timebase_tim.o
                0x0000000020000030                htim14
 COMMON         0x0000000020000070       0x40 Src/tim.o
                0x0000000020000070                htim5
 COMMON         0x00000000200000b0       0x80 Src/usart.o
                0x00000000200000b0                huart1
                0x0000000020000130                . = ALIGN (0x4)
                0x0000000020000130                _ebss = .
                0x0000000020000130                __bss_end__ = _ebss

._user_heap_stack
                0x0000000020000130      0x600 load address 0x0000000008003968
                0x0000000020000130                . = ALIGN (0x8)
                0x0000000020000130                PROVIDE (end = .)
                [!provide]                        PROVIDE (_end = .)
                0x0000000020000330                . = (. + _Min_Heap_Size)
 *fill*         0x0000000020000130      0x200 
                0x0000000020000730                . = (. + _Min_Stack_Size)
 *fill*         0x0000000020000330      0x400 
                0x0000000020000730                . = ALIGN (0x8)

/DISCARD/
 libc.a(*)
 libm.a(*)
 libgcc.a(*)

.ARM.attributes
                0x0000000000000000       0x30
 *(.ARM.attributes)
 .ARM.attributes
                0x0000000000000000       0x22 c:/st/stm32cubeide_1.0.2/stm32cubeide/plugins/com.st.stm32cube.ide.mcu.externaltools.gnu-tools-for-stm32.7-2018-q2-update.win32_1.0.0.201904181610/tools/bin/../lib/gcc/arm-none-eabi/7.3.1/thumb/v7e-m/fpv4-sp/hard/crti.o
 .ARM.attributes
                0x0000000000000022       0x34 c:/st/stm32cubeide_1.0.2/stm32cubeide/plugins/com.st.stm32cube.ide.mcu.externaltools.gnu-tools-for-stm32.7-2018-q2-update.win32_1.0.0.201904181610/tools/bin/../lib/gcc/arm-none-eabi/7.3.1/thumb/v7e-m/fpv4-sp/hard/crtbegin.o
 .ARM.attributes
                0x0000000000000056       0x39 Drivers/STM32F7xx_HAL_Driver/stm32f7xx_hal.o
 .ARM.attributes
                0x000000000000008f       0x39 Drivers/STM32F7xx_HAL_Driver/stm32f7xx_hal_cortex.o
 .ARM.attributes
                0x00000000000000c8       0x39 Drivers/STM32F7xx_HAL_Driver/stm32f7xx_hal_dma.o
 .ARM.attributes
                0x0000000000000101       0x39 Drivers/STM32F7xx_HAL_Driver/stm32f7xx_hal_gpio.o
 .ARM.attributes
                0x000000000000013a       0x39 Drivers/STM32F7xx_HAL_Driver/stm32f7xx_hal_pwr.o
 .ARM.attributes
                0x0000000000000173       0x39 Drivers/STM32F7xx_HAL_Driver/stm32f7xx_hal_rcc.o
 .ARM.attributes
                0x00000000000001ac       0x39 Drivers/STM32F7xx_HAL_Driver/stm32f7xx_hal_rcc_ex.o
 .ARM.attributes
                0x00000000000001e5       0x39 Drivers/STM32F7xx_HAL_Driver/stm32f7xx_hal_tim.o
 .ARM.attributes
                0x000000000000021e       0x39 Drivers/STM32F7xx_HAL_Driver/stm32f7xx_hal_tim_ex.o
 .ARM.attributes
                0x0000000000000257       0x39 Drivers/STM32F7xx_HAL_Driver/stm32f7xx_hal_uart.o
 .ARM.attributes
                0x0000000000000290       0x39 Src/gpio.o
 .ARM.attributes
                0x00000000000002c9       0x39 Src/main.o
 .ARM.attributes
                0x0000000000000302       0x39 Src/stm32f7xx_hal_msp.o
 .ARM.attributes
                0x000000000000033b       0x39 Src/stm32f7xx_hal_timebase_tim.o
 .ARM.attributes
                0x0000000000000374       0x39 Src/stm32f7xx_it.o
 .ARM.attributes
                0x00000000000003ad       0x39 Src/system_stm32f7xx.o
 .ARM.attributes
                0x00000000000003e6       0x39 Src/tim.o
 .ARM.attributes
                0x000000000000041f       0x39 Src/usart.o
 .ARM.attributes
                0x0000000000000458       0x21 Startup/startup_stm32f746nghx.o
 .ARM.attributes
                0x0000000000000479       0x34 c:/st/stm32cubeide_1.0.2/stm32cubeide/plugins/com.st.stm32cube.ide.mcu.externaltools.gnu-tools-for-stm32.7-2018-q2-update.win32_1.0.0.201904181610/tools/bin/../lib/gcc/arm-none-eabi/7.3.1/../../../../arm-none-eabi/lib/thumb/v7e-m/fpv4-sp/hard\libc_nano.a(lib_a-init.o)
 .ARM.attributes
                0x00000000000004ad       0x34 c:/st/stm32cubeide_1.0.2/stm32cubeide/plugins/com.st.stm32cube.ide.mcu.externaltools.gnu-tools-for-stm32.7-2018-q2-update.win32_1.0.0.201904181610/tools/bin/../lib/gcc/arm-none-eabi/7.3.1/../../../../arm-none-eabi/lib/thumb/v7e-m/fpv4-sp/hard\libc_nano.a(lib_a-memset.o)
 .ARM.attributes
                0x00000000000004e1       0x1b c:/st/stm32cubeide_1.0.2/stm32cubeide/plugins/com.st.stm32cube.ide.mcu.externaltools.gnu-tools-for-stm32.7-2018-q2-update.win32_1.0.0.201904181610/tools/bin/../lib/gcc/arm-none-eabi/7.3.1/../../../../arm-none-eabi/lib/thumb/v7e-m/fpv4-sp/hard\libc_nano.a(lib_a-strlen.o)
 .ARM.attributes
                0x00000000000004fc       0x22 c:/st/stm32cubeide_1.0.2/stm32cubeide/plugins/com.st.stm32cube.ide.mcu.externaltools.gnu-tools-for-stm32.7-2018-q2-update.win32_1.0.0.201904181610/tools/bin/../lib/gcc/arm-none-eabi/7.3.1/thumb/v7e-m/fpv4-sp/hard\libgcc.a(_aeabi_uldivmod.o)
 .ARM.attributes
                0x000000000000051e       0x34 c:/st/stm32cubeide_1.0.2/stm32cubeide/plugins/com.st.stm32cube.ide.mcu.externaltools.gnu-tools-for-stm32.7-2018-q2-update.win32_1.0.0.201904181610/tools/bin/../lib/gcc/arm-none-eabi/7.3.1/thumb/v7e-m/fpv4-sp/hard\libgcc.a(_udivmoddi4.o)
 .ARM.attributes
                0x0000000000000552       0x22 c:/st/stm32cubeide_1.0.2/stm32cubeide/plugins/com.st.stm32cube.ide.mcu.externaltools.gnu-tools-for-stm32.7-2018-q2-update.win32_1.0.0.201904181610/tools/bin/../lib/gcc/arm-none-eabi/7.3.1/thumb/v7e-m/fpv4-sp/hard\libgcc.a(_dvmd_tls.o)
 .ARM.attributes
                0x0000000000000574       0x22 c:/st/stm32cubeide_1.0.2/stm32cubeide/plugins/com.st.stm32cube.ide.mcu.externaltools.gnu-tools-for-stm32.7-2018-q2-update.win32_1.0.0.201904181610/tools/bin/../lib/gcc/arm-none-eabi/7.3.1/thumb/v7e-m/fpv4-sp/hard/crtn.o
OUTPUT(receive.elf elf32-littlearm)

.debug_info     0x0000000000000000     0xe29a
 .debug_info    0x0000000000000000      0x9c4 Drivers/STM32F7xx_HAL_Driver/stm32f7xx_hal.o
 .debug_info    0x00000000000009c4     0x104a Drivers/STM32F7xx_HAL_Driver/stm32f7xx_hal_cortex.o
 .debug_info    0x0000000000001a0e      0x968 Drivers/STM32F7xx_HAL_Driver/stm32f7xx_hal_dma.o
 .debug_info    0x0000000000002376      0x7dc Drivers/STM32F7xx_HAL_Driver/stm32f7xx_hal_gpio.o
 .debug_info    0x0000000000002b52      0x9b4 Drivers/STM32F7xx_HAL_Driver/stm32f7xx_hal_pwr.o
 .debug_info    0x0000000000003506      0x926 Drivers/STM32F7xx_HAL_Driver/stm32f7xx_hal_rcc.o
 .debug_info    0x0000000000003e2c      0x7ad Drivers/STM32F7xx_HAL_Driver/stm32f7xx_hal_rcc_ex.o
 .debug_info    0x00000000000045d9     0x25a0 Drivers/STM32F7xx_HAL_Driver/stm32f7xx_hal_tim.o
 .debug_info    0x0000000000006b79     0x121c Drivers/STM32F7xx_HAL_Driver/stm32f7xx_hal_tim_ex.o
 .debug_info    0x0000000000007d95     0x1639 Drivers/STM32F7xx_HAL_Driver/stm32f7xx_hal_uart.o
 .debug_info    0x00000000000093ce      0x50b Src/gpio.o
 .debug_info    0x00000000000098d9      0xfc4 Src/main.o
 .debug_info    0x000000000000a89d      0x389 Src/stm32f7xx_hal_msp.o
 .debug_info    0x000000000000ac26      0xbe7 Src/stm32f7xx_hal_timebase_tim.o
 .debug_info    0x000000000000b80d      0xa39 Src/stm32f7xx_it.o
 .debug_info    0x000000000000c246      0x73d Src/system_stm32f7xx.o
 .debug_info    0x000000000000c983      0xc0d Src/tim.o
 .debug_info    0x000000000000d590      0xce8 Src/usart.o
 .debug_info    0x000000000000e278       0x22 Startup/startup_stm32f746nghx.o

.debug_abbrev   0x0000000000000000     0x2028
 .debug_abbrev  0x0000000000000000      0x1c7 Drivers/STM32F7xx_HAL_Driver/stm32f7xx_hal.o
 .debug_abbrev  0x00000000000001c7      0x2fa Drivers/STM32F7xx_HAL_Driver/stm32f7xx_hal_cortex.o
 .debug_abbrev  0x00000000000004c1      0x229 Drivers/STM32F7xx_HAL_Driver/stm32f7xx_hal_dma.o
 .debug_abbrev  0x00000000000006ea      0x1c9 Drivers/STM32F7xx_HAL_Driver/stm32f7xx_hal_gpio.o
 .debug_abbrev  0x00000000000008b3      0x1b6 Drivers/STM32F7xx_HAL_Driver/stm32f7xx_hal_pwr.o
 .debug_abbrev  0x0000000000000a69      0x21a Drivers/STM32F7xx_HAL_Driver/stm32f7xx_hal_rcc.o
 .debug_abbrev  0x0000000000000c83      0x1ad Drivers/STM32F7xx_HAL_Driver/stm32f7xx_hal_rcc_ex.o
 .debug_abbrev  0x0000000000000e30      0x230 Drivers/STM32F7xx_HAL_Driver/stm32f7xx_hal_tim.o
 .debug_abbrev  0x0000000000001060      0x21e Drivers/STM32F7xx_HAL_Driver/stm32f7xx_hal_tim_ex.o
 .debug_abbrev  0x000000000000127e      0x205 Drivers/STM32F7xx_HAL_Driver/stm32f7xx_hal_uart.o
 .debug_abbrev  0x0000000000001483      0x134 Src/gpio.o
 .debug_abbrev  0x00000000000015b7      0x1dd Src/main.o
 .debug_abbrev  0x0000000000001794      0x109 Src/stm32f7xx_hal_msp.o
 .debug_abbrev  0x000000000000189d      0x19d Src/stm32f7xx_hal_timebase_tim.o
 .debug_abbrev  0x0000000000001a3a      0x15a Src/stm32f7xx_it.o
 .debug_abbrev  0x0000000000001b94      0x147 Src/system_stm32f7xx.o
 .debug_abbrev  0x0000000000001cdb      0x199 Src/tim.o
 .debug_abbrev  0x0000000000001e74      0x1a2 Src/usart.o
 .debug_abbrev  0x0000000000002016       0x12 Startup/startup_stm32f746nghx.o

.debug_aranges  0x0000000000000000      0xd58
 .debug_aranges
                0x0000000000000000      0x100 Drivers/STM32F7xx_HAL_Driver/stm32f7xx_hal.o
 .debug_aranges
                0x0000000000000100      0x118 Drivers/STM32F7xx_HAL_Driver/stm32f7xx_hal_cortex.o
 .debug_aranges
                0x0000000000000218       0x90 Drivers/STM32F7xx_HAL_Driver/stm32f7xx_hal_dma.o
 .debug_aranges
                0x00000000000002a8       0x58 Drivers/STM32F7xx_HAL_Driver/stm32f7xx_hal_gpio.o
 .debug_aranges
                0x0000000000000300       0xa0 Drivers/STM32F7xx_HAL_Driver/stm32f7xx_hal_pwr.o
 .debug_aranges
                0x00000000000003a0       0x88 Drivers/STM32F7xx_HAL_Driver/stm32f7xx_hal_rcc.o
 .debug_aranges
                0x0000000000000428       0x50 Drivers/STM32F7xx_HAL_Driver/stm32f7xx_hal_rcc_ex.o
 .debug_aranges
                0x0000000000000478      0x3b8 Drivers/STM32F7xx_HAL_Driver/stm32f7xx_hal_tim.o
 .debug_aranges
                0x0000000000000830      0x160 Drivers/STM32F7xx_HAL_Driver/stm32f7xx_hal_tim_ex.o
 .debug_aranges
                0x0000000000000990      0x1f8 Drivers/STM32F7xx_HAL_Driver/stm32f7xx_hal_uart.o
 .debug_aranges
                0x0000000000000b88       0x20 Src/gpio.o
 .debug_aranges
                0x0000000000000ba8       0x38 Src/main.o
 .debug_aranges
                0x0000000000000be0       0x20 Src/stm32f7xx_hal_msp.o
 .debug_aranges
                0x0000000000000c00       0x30 Src/stm32f7xx_hal_timebase_tim.o
 .debug_aranges
                0x0000000000000c30       0x78 Src/stm32f7xx_it.o
 .debug_aranges
                0x0000000000000ca8       0x28 Src/system_stm32f7xx.o
 .debug_aranges
                0x0000000000000cd0       0x30 Src/tim.o
 .debug_aranges
                0x0000000000000d00       0x30 Src/usart.o
 .debug_aranges
                0x0000000000000d30       0x28 Startup/startup_stm32f746nghx.o

.debug_ranges   0x0000000000000000      0xc30
 .debug_ranges  0x0000000000000000       0xf0 Drivers/STM32F7xx_HAL_Driver/stm32f7xx_hal.o
 .debug_ranges  0x00000000000000f0      0x108 Drivers/STM32F7xx_HAL_Driver/stm32f7xx_hal_cortex.o
 .debug_ranges  0x00000000000001f8       0x80 Drivers/STM32F7xx_HAL_Driver/stm32f7xx_hal_dma.o
 .debug_ranges  0x0000000000000278       0x48 Drivers/STM32F7xx_HAL_Driver/stm32f7xx_hal_gpio.o
 .debug_ranges  0x00000000000002c0       0x90 Drivers/STM32F7xx_HAL_Driver/stm32f7xx_hal_pwr.o
 .debug_ranges  0x0000000000000350       0x78 Drivers/STM32F7xx_HAL_Driver/stm32f7xx_hal_rcc.o
 .debug_ranges  0x00000000000003c8       0x40 Drivers/STM32F7xx_HAL_Driver/stm32f7xx_hal_rcc_ex.o
 .debug_ranges  0x0000000000000408      0x3a8 Drivers/STM32F7xx_HAL_Driver/stm32f7xx_hal_tim.o
 .debug_ranges  0x00000000000007b0      0x150 Drivers/STM32F7xx_HAL_Driver/stm32f7xx_hal_tim_ex.o
 .debug_ranges  0x0000000000000900      0x1e8 Drivers/STM32F7xx_HAL_Driver/stm32f7xx_hal_uart.o
 .debug_ranges  0x0000000000000ae8       0x10 Src/gpio.o
 .debug_ranges  0x0000000000000af8       0x28 Src/main.o
 .debug_ranges  0x0000000000000b20       0x10 Src/stm32f7xx_hal_msp.o
 .debug_ranges  0x0000000000000b30       0x20 Src/stm32f7xx_hal_timebase_tim.o
 .debug_ranges  0x0000000000000b50       0x68 Src/stm32f7xx_it.o
 .debug_ranges  0x0000000000000bb8       0x18 Src/system_stm32f7xx.o
 .debug_ranges  0x0000000000000bd0       0x20 Src/tim.o
 .debug_ranges  0x0000000000000bf0       0x20 Src/usart.o
 .debug_ranges  0x0000000000000c10       0x20 Startup/startup_stm32f746nghx.o

.debug_macro    0x0000000000000000    0x24ca0
 .debug_macro   0x0000000000000000      0x207 Drivers/STM32F7xx_HAL_Driver/stm32f7xx_hal.o
 .debug_macro   0x0000000000000207      0xa5a Drivers/STM32F7xx_HAL_Driver/stm32f7xx_hal.o
 .debug_macro   0x0000000000000c61      0x189 Drivers/STM32F7xx_HAL_Driver/stm32f7xx_hal.o
 .debug_macro   0x0000000000000dea       0x2e Drivers/STM32F7xx_HAL_Driver/stm32f7xx_hal.o
 .debug_macro   0x0000000000000e18       0x3b Drivers/STM32F7xx_HAL_Driver/stm32f7xx_hal.o
 .debug_macro   0x0000000000000e53       0x22 Drivers/STM32F7xx_HAL_Driver/stm32f7xx_hal.o
 .debug_macro   0x0000000000000e75       0x8e Drivers/STM32F7xx_HAL_Driver/stm32f7xx_hal.o
 .debug_macro   0x0000000000000f03       0x51 Drivers/STM32F7xx_HAL_Driver/stm32f7xx_hal.o
 .debug_macro   0x0000000000000f54       0xef Drivers/STM32F7xx_HAL_Driver/stm32f7xx_hal.o
 .debug_macro   0x0000000000001043       0x6a Drivers/STM32F7xx_HAL_Driver/stm32f7xx_hal.o
 .debug_macro   0x00000000000010ad      0x1df Drivers/STM32F7xx_HAL_Driver/stm32f7xx_hal.o
 .debug_macro   0x000000000000128c       0x1c Drivers/STM32F7xx_HAL_Driver/stm32f7xx_hal.o
 .debug_macro   0x00000000000012a8       0x22 Drivers/STM32F7xx_HAL_Driver/stm32f7xx_hal.o
 .debug_macro   0x00000000000012ca       0xdf Drivers/STM32F7xx_HAL_Driver/stm32f7xx_hal.o
 .debug_macro   0x00000000000013a9     0x12cd Drivers/STM32F7xx_HAL_Driver/stm32f7xx_hal.o
 .debug_macro   0x0000000000002676      0x11f Drivers/STM32F7xx_HAL_Driver/stm32f7xx_hal.o
 .debug_macro   0x0000000000002795       0x19 Drivers/STM32F7xx_HAL_Driver/stm32f7xx_hal.o
 .debug_macro   0x00000000000027ae    0x1882d Drivers/STM32F7xx_HAL_Driver/stm32f7xx_hal.o
 .debug_macro   0x000000000001afdb       0x43 Drivers/STM32F7xx_HAL_Driver/stm32f7xx_hal.o
 .debug_macro   0x000000000001b01e     0x363d Drivers/STM32F7xx_HAL_Driver/stm32f7xx_hal.o
 .debug_macro   0x000000000001e65b      0x174 Drivers/STM32F7xx_HAL_Driver/stm32f7xx_hal.o
 .debug_macro   0x000000000001e7cf       0x61 Drivers/STM32F7xx_HAL_Driver/stm32f7xx_hal.o
 .debug_macro   0x000000000001e830     0x18ad Drivers/STM32F7xx_HAL_Driver/stm32f7xx_hal.o
 .debug_macro   0x00000000000200dd      0x6c4 Drivers/STM32F7xx_HAL_Driver/stm32f7xx_hal.o
 .debug_macro   0x00000000000207a1      0x103 Drivers/STM32F7xx_HAL_Driver/stm32f7xx_hal.o
 .debug_macro   0x00000000000208a4      0x117 Drivers/STM32F7xx_HAL_Driver/stm32f7xx_hal.o
 .debug_macro   0x00000000000209bb      0x1fe Drivers/STM32F7xx_HAL_Driver/stm32f7xx_hal.o
 .debug_macro   0x0000000000020bb9       0x27 Drivers/STM32F7xx_HAL_Driver/stm32f7xx_hal.o
 .debug_macro   0x0000000000020be0      0x24f Drivers/STM32F7xx_HAL_Driver/stm32f7xx_hal.o
 .debug_macro   0x0000000000020e2f       0x41 Drivers/STM32F7xx_HAL_Driver/stm32f7xx_hal.o
 .debug_macro   0x0000000000020e70       0x58 Drivers/STM32F7xx_HAL_Driver/stm32f7xx_hal.o
 .debug_macro   0x0000000000020ec8      0x236 Drivers/STM32F7xx_HAL_Driver/stm32f7xx_hal.o
 .debug_macro   0x00000000000210fe      0x14f Drivers/STM32F7xx_HAL_Driver/stm32f7xx_hal.o
 .debug_macro   0x000000000002124d      0x25b Drivers/STM32F7xx_HAL_Driver/stm32f7xx_hal.o
 .debug_macro   0x00000000000214a8       0x12 Drivers/STM32F7xx_HAL_Driver/stm32f7xx_hal.o
 .debug_macro   0x00000000000214ba      0x22c Drivers/STM32F7xx_HAL_Driver/stm32f7xx_hal.o
 .debug_macro   0x00000000000216e6       0x5a Drivers/STM32F7xx_HAL_Driver/stm32f7xx_hal.o
 .debug_macro   0x0000000000021740       0xa5 Drivers/STM32F7xx_HAL_Driver/stm32f7xx_hal.o
 .debug_macro   0x00000000000217e5      0x12f Drivers/STM32F7xx_HAL_Driver/stm32f7xx_hal.o
 .debug_macro   0x0000000000021914      0x108 Drivers/STM32F7xx_HAL_Driver/stm32f7xx_hal.o
 .debug_macro   0x0000000000021a1c       0x35 Drivers/STM32F7xx_HAL_Driver/stm32f7xx_hal.o
 .debug_macro   0x0000000000021a51      0x9e2 Drivers/STM32F7xx_HAL_Driver/stm32f7xx_hal.o
 .debug_macro   0x0000000000022433       0x59 Drivers/STM32F7xx_HAL_Driver/stm32f7xx_hal.o
 .debug_macro   0x000000000002248c      0x519 Drivers/STM32F7xx_HAL_Driver/stm32f7xx_hal.o
 .debug_macro   0x00000000000229a5       0x44 Drivers/STM32F7xx_HAL_Driver/stm32f7xx_hal.o
 .debug_macro   0x00000000000229e9      0x14e Drivers/STM32F7xx_HAL_Driver/stm32f7xx_hal.o
 .debug_macro   0x0000000000022b37      0x1e3 Drivers/STM32F7xx_HAL_Driver/stm32f7xx_hal_cortex.o
 .debug_macro   0x0000000000022d1a      0x1e9 Drivers/STM32F7xx_HAL_Driver/stm32f7xx_hal_dma.o
 .debug_macro   0x0000000000022f03      0x219 Drivers/STM32F7xx_HAL_Driver/stm32f7xx_hal_gpio.o
 .debug_macro   0x000000000002311c      0x201 Drivers/STM32F7xx_HAL_Driver/stm32f7xx_hal_pwr.o
 .debug_macro   0x000000000002331d      0x207 Drivers/STM32F7xx_HAL_Driver/stm32f7xx_hal_rcc.o
 .debug_macro   0x0000000000023524      0x1e3 Drivers/STM32F7xx_HAL_Driver/stm32f7xx_hal_rcc_ex.o
 .debug_macro   0x0000000000023707      0x1e4 Drivers/STM32F7xx_HAL_Driver/stm32f7xx_hal_tim.o
 .debug_macro   0x00000000000238eb      0x1e3 Drivers/STM32F7xx_HAL_Driver/stm32f7xx_hal_tim_ex.o
 .debug_macro   0x0000000000023ace      0x200 Drivers/STM32F7xx_HAL_Driver/stm32f7xx_hal_uart.o
 .debug_macro   0x0000000000023cce      0x1fc Src/gpio.o
 .debug_macro   0x0000000000023eca       0x10 Src/gpio.o
 .debug_macro   0x0000000000023eda      0x214 Src/main.o
 .debug_macro   0x00000000000240ee      0x1f2 Src/stm32f7xx_hal_msp.o
 .debug_macro   0x00000000000242e0      0x1e3 Src/stm32f7xx_hal_timebase_tim.o
 .debug_macro   0x00000000000244c3      0x1fc Src/stm32f7xx_it.o
 .debug_macro   0x00000000000246bf      0x1e9 Src/system_stm32f7xx.o
 .debug_macro   0x00000000000248a8      0x1fc Src/tim.o
 .debug_macro   0x0000000000024aa4      0x1fc Src/usart.o

.debug_line     0x0000000000000000     0xc60b
 .debug_line    0x0000000000000000      0xa29 Drivers/STM32F7xx_HAL_Driver/stm32f7xx_hal.o
 .debug_line    0x0000000000000a29      0xb2d Drivers/STM32F7xx_HAL_Driver/stm32f7xx_hal_cortex.o
 .debug_line    0x0000000000001556      0xad8 Drivers/STM32F7xx_HAL_Driver/stm32f7xx_hal_dma.o
 .debug_line    0x000000000000202e      0xa11 Drivers/STM32F7xx_HAL_Driver/stm32f7xx_hal_gpio.o
 .debug_line    0x0000000000002a3f      0x971 Drivers/STM32F7xx_HAL_Driver/stm32f7xx_hal_pwr.o
 .debug_line    0x00000000000033b0      0xa8d Drivers/STM32F7xx_HAL_Driver/stm32f7xx_hal_rcc.o
 .debug_line    0x0000000000003e3d      0xa14 Drivers/STM32F7xx_HAL_Driver/stm32f7xx_hal_rcc_ex.o
 .debug_line    0x0000000000004851     0x1b31 Drivers/STM32F7xx_HAL_Driver/stm32f7xx_hal_tim.o
 .debug_line    0x0000000000006382      0xe8e Drivers/STM32F7xx_HAL_Driver/stm32f7xx_hal_tim_ex.o
 .debug_line    0x0000000000007210     0x130f Drivers/STM32F7xx_HAL_Driver/stm32f7xx_hal_uart.o
 .debug_line    0x000000000000851f      0x7cc Src/gpio.o
 .debug_line    0x0000000000008ceb      0x85d Src/main.o
 .debug_line    0x0000000000009548      0x7c6 Src/stm32f7xx_hal_msp.o
 .debug_line    0x0000000000009d0e      0x7fa Src/stm32f7xx_hal_timebase_tim.o
 .debug_line    0x000000000000a508      0x89f Src/stm32f7xx_it.o
 .debug_line    0x000000000000ada7      0x7e5 Src/system_stm32f7xx.o
 .debug_line    0x000000000000b58c      0x7f7 Src/tim.o
 .debug_line    0x000000000000bd83      0x807 Src/usart.o
 .debug_line    0x000000000000c58a       0x81 Startup/startup_stm32f746nghx.o

.debug_str      0x0000000000000000    0xe5c9f
 .debug_str     0x0000000000000000    0xe225e Drivers/STM32F7xx_HAL_Driver/stm32f7xx_hal.o
                                      0xe2a11 (size before relaxing)
 .debug_str     0x00000000000e225e      0x4e5 Drivers/STM32F7xx_HAL_Driver/stm32f7xx_hal_cortex.o
                                      0xe2ac5 (size before relaxing)
 .debug_str     0x00000000000e2743      0x580 Drivers/STM32F7xx_HAL_Driver/stm32f7xx_hal_dma.o
                                      0xe24a6 (size before relaxing)
 .debug_str     0x00000000000e2cc3      0x303 Drivers/STM32F7xx_HAL_Driver/stm32f7xx_hal_gpio.o
                                      0xe2342 (size before relaxing)
 .debug_str     0x00000000000e2fc6      0x314 Drivers/STM32F7xx_HAL_Driver/stm32f7xx_hal_pwr.o
                                      0xe2424 (size before relaxing)
 .debug_str     0x00000000000e32da      0x3d0 Drivers/STM32F7xx_HAL_Driver/stm32f7xx_hal_rcc.o
                                      0xe247c (size before relaxing)
 .debug_str     0x00000000000e36aa      0x3d3 Drivers/STM32F7xx_HAL_Driver/stm32f7xx_hal_rcc_ex.o
                                      0xe2411 (size before relaxing)
 .debug_str     0x00000000000e3a7d      0xfac Drivers/STM32F7xx_HAL_Driver/stm32f7xx_hal_tim.o
                                      0xe31f8 (size before relaxing)
 .debug_str     0x00000000000e4a29      0x59c Drivers/STM32F7xx_HAL_Driver/stm32f7xx_hal_tim_ex.o
                                      0xe2a4b (size before relaxing)
 .debug_str     0x00000000000e4fc5      0x9a9 Drivers/STM32F7xx_HAL_Driver/stm32f7xx_hal_uart.o
                                      0xe2c5a (size before relaxing)
 .debug_str     0x00000000000e596e       0x62 Src/gpio.o
                                      0xe20ac (size before relaxing)
 .debug_str     0x00000000000e59d0       0x89 Src/main.o
                                      0xe2a9f (size before relaxing)
 .debug_str     0x00000000000e5a59       0x1b Src/stm32f7xx_hal_msp.o
                                      0xe2011 (size before relaxing)
 .debug_str     0x00000000000e5a74       0x51 Src/stm32f7xx_hal_timebase_tim.o
                                      0xe2ad3 (size before relaxing)
 .debug_str     0x00000000000e5ac5       0xf8 Src/stm32f7xx_it.o
                                      0xe2627 (size before relaxing)
 .debug_str     0x00000000000e5bbd       0x5a Src/system_stm32f7xx.o
                                      0xe212e (size before relaxing)
 .debug_str     0x00000000000e5c17       0x29 Src/tim.o
                                      0xe2b36 (size before relaxing)
 .debug_str     0x00000000000e5c40       0x2e Src/usart.o
                                      0xe2abb (size before relaxing)
 .debug_str     0x00000000000e5c6e       0x31 Startup/startup_stm32f746nghx.o
                                         0x75 (size before relaxing)

.comment        0x0000000000000000       0x7b
 .comment       0x0000000000000000       0x7b Drivers/STM32F7xx_HAL_Driver/stm32f7xx_hal.o
                                         0x7c (size before relaxing)
 .comment       0x000000000000007b       0x7c Drivers/STM32F7xx_HAL_Driver/stm32f7xx_hal_cortex.o
 .comment       0x000000000000007b       0x7c Drivers/STM32F7xx_HAL_Driver/stm32f7xx_hal_dma.o
 .comment       0x000000000000007b       0x7c Drivers/STM32F7xx_HAL_Driver/stm32f7xx_hal_gpio.o
 .comment       0x000000000000007b       0x7c Drivers/STM32F7xx_HAL_Driver/stm32f7xx_hal_pwr.o
 .comment       0x000000000000007b       0x7c Drivers/STM32F7xx_HAL_Driver/stm32f7xx_hal_rcc.o
 .comment       0x000000000000007b       0x7c Drivers/STM32F7xx_HAL_Driver/stm32f7xx_hal_rcc_ex.o
 .comment       0x000000000000007b       0x7c Drivers/STM32F7xx_HAL_Driver/stm32f7xx_hal_tim.o
 .comment       0x000000000000007b       0x7c Drivers/STM32F7xx_HAL_Driver/stm32f7xx_hal_tim_ex.o
 .comment       0x000000000000007b       0x7c Drivers/STM32F7xx_HAL_Driver/stm32f7xx_hal_uart.o
 .comment       0x000000000000007b       0x7c Src/gpio.o
 .comment       0x000000000000007b       0x7c Src/main.o
 .comment       0x000000000000007b       0x7c Src/stm32f7xx_hal_msp.o
 .comment       0x000000000000007b       0x7c Src/stm32f7xx_hal_timebase_tim.o
 .comment       0x000000000000007b       0x7c Src/stm32f7xx_it.o
 .comment       0x000000000000007b       0x7c Src/system_stm32f7xx.o
 .comment       0x000000000000007b       0x7c Src/tim.o
 .comment       0x000000000000007b       0x7c Src/usart.o

.debug_frame    0x0000000000000000     0x3660
 .debug_frame   0x0000000000000000      0x3b4 Drivers/STM32F7xx_HAL_Driver/stm32f7xx_hal.o
 .debug_frame   0x00000000000003b4      0x498 Drivers/STM32F7xx_HAL_Driver/stm32f7xx_hal_cortex.o
 .debug_frame   0x000000000000084c      0x250 Drivers/STM32F7xx_HAL_Driver/stm32f7xx_hal_dma.o
 .debug_frame   0x0000000000000a9c      0x14c Drivers/STM32F7xx_HAL_Driver/stm32f7xx_hal_gpio.o
 .debug_frame   0x0000000000000be8      0x254 Drivers/STM32F7xx_HAL_Driver/stm32f7xx_hal_pwr.o
 .debug_frame   0x0000000000000e3c      0x1f4 Drivers/STM32F7xx_HAL_Driver/stm32f7xx_hal_rcc.o
 .debug_frame   0x0000000000001030      0x118 Drivers/STM32F7xx_HAL_Driver/stm32f7xx_hal_rcc_ex.o
 .debug_frame   0x0000000000001148     0x1144 Drivers/STM32F7xx_HAL_Driver/stm32f7xx_hal_tim.o
 .debug_frame   0x000000000000228c      0x610 Drivers/STM32F7xx_HAL_Driver/stm32f7xx_hal_tim_ex.o
 .debug_frame   0x000000000000289c      0x8f4 Drivers/STM32F7xx_HAL_Driver/stm32f7xx_hal_uart.o
 .debug_frame   0x0000000000003190       0x34 Src/gpio.o
 .debug_frame   0x00000000000031c4       0x98 Src/main.o
 .debug_frame   0x000000000000325c       0x38 Src/stm32f7xx_hal_msp.o
 .debug_frame   0x0000000000003294       0x74 Src/stm32f7xx_hal_timebase_tim.o
 .debug_frame   0x0000000000003308      0x164 Src/stm32f7xx_it.o
 .debug_frame   0x000000000000346c       0x58 Src/system_stm32f7xx.o
 .debug_frame   0x00000000000034c4       0x7c Src/tim.o
 .debug_frame   0x0000000000003540       0x74 Src/usart.o
 .debug_frame   0x00000000000035b4       0x2c c:/st/stm32cubeide_1.0.2/stm32cubeide/plugins/com.st.stm32cube.ide.mcu.externaltools.gnu-tools-for-stm32.7-2018-q2-update.win32_1.0.0.201904181610/tools/bin/../lib/gcc/arm-none-eabi/7.3.1/../../../../arm-none-eabi/lib/thumb/v7e-m/fpv4-sp/hard\libc_nano.a(lib_a-init.o)
 .debug_frame   0x00000000000035e0       0x20 c:/st/stm32cubeide_1.0.2/stm32cubeide/plugins/com.st.stm32cube.ide.mcu.externaltools.gnu-tools-for-stm32.7-2018-q2-update.win32_1.0.0.201904181610/tools/bin/../lib/gcc/arm-none-eabi/7.3.1/../../../../arm-none-eabi/lib/thumb/v7e-m/fpv4-sp/hard\libc_nano.a(lib_a-memset.o)
 .debug_frame   0x0000000000003600       0x2c c:/st/stm32cubeide_1.0.2/stm32cubeide/plugins/com.st.stm32cube.ide.mcu.externaltools.gnu-tools-for-stm32.7-2018-q2-update.win32_1.0.0.201904181610/tools/bin/../lib/gcc/arm-none-eabi/7.3.1/thumb/v7e-m/fpv4-sp/hard\libgcc.a(_aeabi_uldivmod.o)
 .debug_frame   0x000000000000362c       0x34 c:/st/stm32cubeide_1.0.2/stm32cubeide/plugins/com.st.stm32cube.ide.mcu.externaltools.gnu-tools-for-stm32.7-2018-q2-update.win32_1.0.0.201904181610/tools/bin/../lib/gcc/arm-none-eabi/7.3.1/thumb/v7e-m/fpv4-sp/hard\libgcc.a(_udivmoddi4.o)
