main.c:150:6:check_buttons	8	static
main.c:154:6:check_rgb_leds	8	static
main.c:167:6:blink_game_state_led	16	static
main.c:181:5:generate_random_number	16	static
main.c:186:6:test_random_generator	8	static
main.c:192:6:start_single_player_game	8	static
main.c:206:5:measure_player_one_reaction	16	static
main.c:216:5:main	8	static
main.c:301:6:SystemClock_Config	216	static
main.c:382:13:MX_ADC3_Init	24	static
main.c:432:13:MX_CRC_Init	8	static
main.c:463:13:MX_DCMI_Init	8	static
main.c:500:13:MX_DMA2D_Init	8	static
main.c:537:13:MX_ETH_Init	16	static
main.c:582:13:MX_I2C1_Init	8	static
main.c:628:13:MX_I2C3_Init	8	static
main.c:674:13:MX_LTDC_Init	64	static
main.c:736:13:MX_QUADSPI_Init	8	static
main.c:771:13:MX_RNG_Init	8	static
main.c:797:13:MX_RTC_Init	80	static
main.c:890:13:MX_SAI2_Init	8	static
main.c:965:13:MX_SDMMC1_SD_Init	8	static
main.c:1001:13:MX_SPDIFRX_Init	8	static
main.c:1037:13:MX_SPI2_Init	8	static
main.c:1077:13:MX_TIM1_Init	112	static
main.c:1157:13:MX_TIM2_Init	64	static
main.c:1216:13:MX_TIM3_Init	40	static
main.c:1261:13:MX_TIM5_Init	64	static
main.c:1320:13:MX_TIM8_Init	40	static
main.c:1367:13:MX_TIM12_Init	40	static
main.c:1409:13:MX_USART1_UART_Init	8	static
main.c:1440:13:MX_FMC_Init	40	static
main.c:1491:13:MX_GPIO_Init	72	static
main.c:1691:6:HAL_GPIO_EXTI_Callback	16	static
main.c:1722:6:HAL_TIM_PeriodElapsedCallback	16	static
main.c:1739:6:Error_Handler	4	static
