main.c:150:6:check_buttons	8	static
main.c:154:6:check_rgb_leds	8	static
main.c:167:6:blink_game_state_led	16	static
main.c:181:5:generate_random_number	16	static
main.c:186:6:test_random_generator	8	static
main.c:192:6:start_single_player_game	8	static
main.c:199:5:measure_player_one_reaction	16	static
main.c:209:5:main	8	static
main.c:294:6:SystemClock_Config	216	static
main.c:375:13:MX_ADC3_Init	24	static
main.c:425:13:MX_CRC_Init	8	static
main.c:456:13:MX_DCMI_Init	8	static
main.c:493:13:MX_DMA2D_Init	8	static
main.c:530:13:MX_ETH_Init	16	static
main.c:575:13:MX_I2C1_Init	8	static
main.c:621:13:MX_I2C3_Init	8	static
main.c:667:13:MX_LTDC_Init	64	static
main.c:729:13:MX_QUADSPI_Init	8	static
main.c:764:13:MX_RNG_Init	8	static
main.c:790:13:MX_RTC_Init	80	static
main.c:883:13:MX_SAI2_Init	8	static
main.c:958:13:MX_SDMMC1_SD_Init	8	static
main.c:994:13:MX_SPDIFRX_Init	8	static
main.c:1030:13:MX_SPI2_Init	8	static
main.c:1070:13:MX_TIM1_Init	112	static
main.c:1150:13:MX_TIM2_Init	64	static
main.c:1209:13:MX_TIM3_Init	40	static
main.c:1254:13:MX_TIM5_Init	64	static
main.c:1313:13:MX_TIM8_Init	40	static
main.c:1360:13:MX_TIM12_Init	40	static
main.c:1402:13:MX_USART1_UART_Init	8	static
main.c:1433:13:MX_FMC_Init	40	static
main.c:1484:13:MX_GPIO_Init	72	static
main.c:1684:6:HAL_GPIO_EXTI_Callback	16	static
main.c:1714:6:HAL_TIM_PeriodElapsedCallback	16	static
main.c:1731:6:Error_Handler	4	static
