main.c:141:6:check_buttons	8	static
main.c:145:6:check_rgb_leds	8	static
main.c:158:6:blink_game_state_led	16	static
main.c:172:6:start_single_player_game	4	static
main.c:177:5:generate_random_number	16	static
main.c:187:5:main	8	static
main.c:263:6:SystemClock_Config	216	static
main.c:344:13:MX_ADC3_Init	24	static
main.c:394:13:MX_CRC_Init	8	static
main.c:425:13:MX_DCMI_Init	8	static
main.c:462:13:MX_DMA2D_Init	8	static
main.c:499:13:MX_ETH_Init	16	static
main.c:544:13:MX_I2C1_Init	8	static
main.c:590:13:MX_I2C3_Init	8	static
main.c:636:13:MX_LTDC_Init	64	static
main.c:698:13:MX_QUADSPI_Init	8	static
main.c:733:13:MX_RNG_Init	8	static
main.c:759:13:MX_RTC_Init	80	static
main.c:852:13:MX_SAI2_Init	8	static
main.c:927:13:MX_SDMMC1_SD_Init	8	static
main.c:963:13:MX_SPDIFRX_Init	8	static
main.c:999:13:MX_SPI2_Init	8	static
main.c:1039:13:MX_TIM1_Init	112	static
main.c:1119:13:MX_TIM2_Init	64	static
main.c:1178:13:MX_TIM3_Init	40	static
main.c:1223:13:MX_TIM5_Init	64	static
main.c:1282:13:MX_TIM8_Init	40	static
main.c:1329:13:MX_TIM12_Init	40	static
main.c:1371:13:MX_USART1_UART_Init	8	static
main.c:1402:13:MX_FMC_Init	40	static
main.c:1453:13:MX_GPIO_Init	72	static
main.c:1653:6:HAL_GPIO_EXTI_Callback	16	static
main.c:1669:6:HAL_TIM_PeriodElapsedCallback	16	static
main.c:1686:6:Error_Handler	4	static
