main.c:151:6:check_buttons	8	static
main.c:155:6:check_rgb_leds	8	static
main.c:168:6:blink_game_state_led	16	static
main.c:182:5:generate_random_number	16	static
main.c:187:6:test_random_generator	8	static
main.c:193:6:start_single_player_game	8	static
main.c:207:5:measure_player_one_reaction	16	static
main.c:212:6:print_player_stats	272	static
main.c:231:5:main	8	static
main.c:315:6:SystemClock_Config	216	static
main.c:396:13:MX_ADC3_Init	24	static
main.c:446:13:MX_CRC_Init	8	static
main.c:477:13:MX_DCMI_Init	8	static
main.c:514:13:MX_DMA2D_Init	8	static
main.c:551:13:MX_ETH_Init	16	static
main.c:596:13:MX_I2C1_Init	8	static
main.c:642:13:MX_I2C3_Init	8	static
main.c:688:13:MX_LTDC_Init	64	static
main.c:750:13:MX_QUADSPI_Init	8	static
main.c:785:13:MX_RNG_Init	8	static
main.c:811:13:MX_RTC_Init	80	static
main.c:904:13:MX_SAI2_Init	8	static
main.c:979:13:MX_SDMMC1_SD_Init	8	static
main.c:1015:13:MX_SPDIFRX_Init	8	static
main.c:1051:13:MX_SPI2_Init	8	static
main.c:1091:13:MX_TIM1_Init	112	static
main.c:1171:13:MX_TIM2_Init	64	static
main.c:1230:13:MX_TIM3_Init	40	static
main.c:1275:13:MX_TIM5_Init	64	static
main.c:1334:13:MX_TIM8_Init	40	static
main.c:1381:13:MX_TIM12_Init	40	static
main.c:1423:13:MX_USART1_UART_Init	8	static
main.c:1454:13:MX_FMC_Init	40	static
main.c:1505:13:MX_GPIO_Init	72	static
main.c:1705:6:HAL_GPIO_EXTI_Callback	16	static
main.c:1736:6:HAL_TIM_PeriodElapsedCallback	16	static
main.c:1753:6:Error_Handler	4	static
