main.c:151:6:check_buttons	8	static
main.c:155:6:check_rgb_leds	8	static
main.c:168:6:blink_game_state_led	16	static
main.c:182:5:generate_random_number	16	static
main.c:187:6:test_random_generator	8	static
main.c:193:6:start_single_player_game	8	static
main.c:207:5:measure_player_one_reaction	16	static
main.c:212:6:print_player_stats	272	static
main.c:227:5:main	8	static
main.c:311:6:SystemClock_Config	216	static
main.c:392:13:MX_ADC3_Init	24	static
main.c:442:13:MX_CRC_Init	8	static
main.c:473:13:MX_DCMI_Init	8	static
main.c:510:13:MX_DMA2D_Init	8	static
main.c:547:13:MX_ETH_Init	16	static
main.c:592:13:MX_I2C1_Init	8	static
main.c:638:13:MX_I2C3_Init	8	static
main.c:684:13:MX_LTDC_Init	64	static
main.c:746:13:MX_QUADSPI_Init	8	static
main.c:781:13:MX_RNG_Init	8	static
main.c:807:13:MX_RTC_Init	80	static
main.c:900:13:MX_SAI2_Init	8	static
main.c:975:13:MX_SDMMC1_SD_Init	8	static
main.c:1011:13:MX_SPDIFRX_Init	8	static
main.c:1047:13:MX_SPI2_Init	8	static
main.c:1087:13:MX_TIM1_Init	112	static
main.c:1167:13:MX_TIM2_Init	64	static
main.c:1226:13:MX_TIM3_Init	40	static
main.c:1271:13:MX_TIM5_Init	64	static
main.c:1330:13:MX_TIM8_Init	40	static
main.c:1377:13:MX_TIM12_Init	40	static
main.c:1419:13:MX_USART1_UART_Init	8	static
main.c:1450:13:MX_FMC_Init	40	static
main.c:1501:13:MX_GPIO_Init	72	static
main.c:1701:6:HAL_GPIO_EXTI_Callback	16	static
main.c:1732:6:HAL_TIM_PeriodElapsedCallback	16	static
main.c:1749:6:Error_Handler	4	static
