stm32f7xx_hal_msp.c:66:6:HAL_MspInit	16	static
stm32f7xx_hal_msp.c:88:6:HAL_ADC_MspInit	48	static
stm32f7xx_hal_msp.c:124:6:HAL_ADC_MspDeInit	16	static
stm32f7xx_hal_msp.c:155:6:HAL_CRC_MspInit	24	static
stm32f7xx_hal_msp.c:177:6:HAL_CRC_MspDeInit	16	static
stm32f7xx_hal_msp.c:199:6:HAL_DCMI_MspInit	64	static
stm32f7xx_hal_msp.c:277:6:HAL_DCMI_MspDeInit	16	static
stm32f7xx_hal_msp.c:324:6:HAL_DMA2D_MspInit	24	static
stm32f7xx_hal_msp.c:349:6:HAL_DMA2D_MspDeInit	16	static
stm32f7xx_hal_msp.c:374:6:HAL_ETH_MspInit	64	static
stm32f7xx_hal_msp.c:433:6:HAL_ETH_MspDeInit	16	static
stm32f7xx_hal_msp.c:473:6:HAL_I2C_MspInit	56	static
stm32f7xx_hal_msp.c:533:6:HAL_I2C_MspDeInit	16	static
stm32f7xx_hal_msp.c:580:6:HAL_LTDC_MspInit	64	static
stm32f7xx_hal_msp.c:681:6:HAL_LTDC_MspDeInit	16	static
stm32f7xx_hal_msp.c:750:6:HAL_QSPI_MspInit	56	static
stm32f7xx_hal_msp.c:813:6:HAL_QSPI_MspDeInit	16	static
stm32f7xx_hal_msp.c:850:6:HAL_RNG_MspInit	24	static
stm32f7xx_hal_msp.c:872:6:HAL_RNG_MspDeInit	16	static
stm32f7xx_hal_msp.c:894:6:HAL_RTC_MspInit	16	static
stm32f7xx_hal_msp.c:916:6:HAL_RTC_MspDeInit	16	static
stm32f7xx_hal_msp.c:938:6:HAL_SD_MspInit	48	static
stm32f7xx_hal_msp.c:987:6:HAL_SD_MspDeInit	16	static
stm32f7xx_hal_msp.c:1023:6:HAL_SPDIFRX_MspInit	48	static
stm32f7xx_hal_msp.c:1058:6:HAL_SPDIFRX_MspDeInit	16	static
stm32f7xx_hal_msp.c:1086:6:HAL_SPI_MspInit	48	static
stm32f7xx_hal_msp.c:1131:6:HAL_SPI_MspDeInit	16	static
stm32f7xx_hal_msp.c:1163:6:HAL_TIM_Base_MspInit	40	static
stm32f7xx_hal_msp.c:1229:6:HAL_TIM_PWM_MspInit	24	static
stm32f7xx_hal_msp.c:1245:6:HAL_TIM_MspPostInit	56	static
stm32f7xx_hal_msp.c:1339:6:HAL_TIM_Base_MspDeInit	16	static
stm32f7xx_hal_msp.c:1405:6:HAL_TIM_PWM_MspDeInit	16	static
stm32f7xx_hal_msp.c:1427:6:HAL_UART_MspInit	48	static
stm32f7xx_hal_msp.c:1471:6:HAL_UART_MspDeInit	16	static
stm32f7xx_hal_msp.c:1498:13:HAL_FMC_MspInit	32	static
stm32f7xx_hal_msp.c:1603:6:HAL_SDRAM_MspInit	16	static
stm32f7xx_hal_msp.c:1615:13:HAL_FMC_MspDeInit	8	static
stm32f7xx_hal_msp.c:1689:6:HAL_SDRAM_MspDeInit	16	static
stm32f7xx_hal_msp.c:1701:6:HAL_SAI_MspInit	48	static
stm32f7xx_hal_msp.c:1751:6:HAL_SAI_MspDeInit	16	static
